[web.archive.org/web/20190228222916/https_/tankisport.com/index.html]
[web-static.archive.org/_static/js/bundle-playbackfd64.js]
[web-static.archive.org/_static/js/wombat9b8c.js]
[web-static.archive.org/_static/js/ruffle/ruffle.js]
[web-static.archive.org/_static/css/banner-styles52e6.css]
[backblue.gif]
[fade.gif]
[index.html]
[web-static.archive.org/_static/css/iconochive8307.css]
[web.archive.org/web/20190301110922im_/https_/tankisport.com/assets/v2/img/icons/apple-touch-icon-144x144.png]
[web.archive.org/web/20190301110926im_/https_/tankisport.com/assets/v2/img/icons/apple-touch-icon-152x152.png]
[web.archive.org/web/20190301110923im_/https_/tankisport.com/assets/v2/img/icons/favicon-32x32.png]
[web.archive.org/web/20190301110922im_/https_/tankisport.com/assets/v2/img/icons/favicon-16x16.png]
[web.archive.org/web/20190301110925cs_/https_/tankisport.com/assets/v2/css/app779b.css]
[web.archive.org/web/20190301110922cs_/https_/tankisport.com/assets/v2/css/vendorbc59.css]
[web.archive.org/web/20190228222910/https_/www.google-analytics.com/analytics.js]
[web.archive.org/web/20190301110919im_/https_/tankisport.com/assets/img/tanki-logo.png]
[web.archive.org/web/20190301110924im_/https_/tankisport.com/assets/flags/RU.png]
[web.archive.org/web/20190301110926im_/https_/tankisport.com/assets/flags/GB.png]
[web.archive.org/web/20190301110919im_/https_/tankisport.com/assets/flags/DE.png]
[web.archive.org/web/20190301110923im_/https_/tankisport.com/assets/flags/PL.png]
[web.archive.org/web/20190228222916/https_/tankisport.com/faq]
[web.archive.org/web/20190228222916/https_/tankisport.com/article/181]
[web.archive.org/web/20190301110928im_/https_/tankisport.com/photos/5c7272036c4c7.png]
[web.archive.org/web/20190228222916/https_/tankisport.com/article/169.2e.delayed]
[web.archive.org/web/20190301110927im_/https_/tankisport.com/photos/5c6fac7e411cd.png]
[web.archive.org/web/20190228222916/https_/tankisport.com/article/172]
[web.archive.org/web/20190301110926im_/https_/tankisport.com/photos/5c6e5acb706ec.png]
[web.archive.org/web/20190228222916/https_/tankisport.com/article/167]
[web.archive.org/web/20190301110926im_/https_/tankisport.com/photos/5c6e4f171c38e.png]
[web.archive.org/web/20190228222916/https_/tankisport.com/article/163]
[web.archive.org/web/20190301110920im_/https_/tankisport.com/photos/5c6a68755658d.png]
[web.archive.org/web/20190228222916/https_/tankisport.com/article/174]
[web.archive.org/web/20190228222916/https_/tankisport.com/article/90]
[web.archive.org/web/20190228222916/https_/tankisport.com/article/180]
[web.archive.org/web/20190301110923im_/https_/tankisport.com/photos/5c71381c07b3b.png]
[web.archive.org/web/20190228222916/https_/tankisport.com/article/179]
[web.archive.org/web/20190301110926im_/https_/tankisport.com/photos/5c7192bcd9d1a.png]
[web.archive.org/web/20190228222916/https_/tankisport.com/article/170]
[web.archive.org/web/20190301110926im_/https_/tankisport.com/photos/5c6d2e2a399e3.png]
[web.archive.org/web/20190228222916/https_/tankisport.com/article/164]
[web.archive.org/web/20190301110923im_/https_/tankisport.com/photos/5c6bd15d7e274.png]
[web.archive.org/web/20190228222916/https_/tankisport.com/article/161]
[web.archive.org/web/20190301110926im_/https_/tankisport.com/files/1/articles_template_11.png]
[web.archive.org/web/20190228222916/https_/tankisport.com/article/157]
[web.archive.org/web/20190301110927im_/https_/tankisport.com/files/1/articles_templateblitz3.png]
[web.archive.org/web/20190228222916/https_/tankisport.com/article/153]
[web.archive.org/web/20190301110920im_/https_/tankisport.com/files/1/inventory_en.png]
[web.archive.org/web/20190228222916/https_/tankisport.com/article/151]
[web.archive.org/web/20190301110918im_/https_/tankisport.com/files/1/MOTS weekly9999.png]
[web.archive.org/web/20190228222916/https_/tankisport.com/article/148]
[web.archive.org/web/20190301110923im_/https_/tankisport.com/photos/5c6164f5107e3.png]
[web.archive.org/web/20190228222916/https_/tankisport.com/article/147]
[web.archive.org/web/20190301110928im_/https_/tankisport.com/photos/5c5ef5c649b18.png]
[web.archive.org/web/20190228222916/https_/tankisport.com/article/146]
[web.archive.org/web/20190301110919im_/https_/tankisport.com/photos/5c626103b7448.png]
[web.archive.org/web/20190228222916/https_/tankisport.com/article/145]
[web.archive.org/web/20190301110920im_/https_/tankisport.com/photos/5c5ef7a1f2f64.png]
[web.archive.org/web/20190228222916/https_/tankisport.com/article/143]
[web.archive.org/web/20190301110918im_/https_/tankisport.com/photos/5c5bd8113df9c.png]
[web.archive.org/web/20190228222916/https_/tankisport.com/article/136]
[web.archive.org/web/20190301110920im_/https_/tankisport.com/photos/5c5a7a0f9606a.png]
[web.archive.org/web/20190228222916/https_/tankisport.com/article/141]
[web.archive.org/web/20190301110923im_/https_/tankisport.com/photos/5c592a37d4c2e.png]
[web.archive.org/web/20190228222916/https_/tankisport.com/article/139]
[web.archive.org/web/20190301110928im_/https_/tankisport.com/files/1/article_template44.png]
[web.archive.org/web/20190228222916/https_/tankisport.com/article/137]
[web.archive.org/web/20190301110923im_/https_/tankisport.com/files/1/article_template5.png]
[web.archive.org/web/20190228222916/https_/tankisport.com/article/135]
[web.archive.org/web/20190301110920im_/https_/tankisport.com/files/1/amnenorm333.png]
[web.archive.org/web/20190228222916/https_/tankisport.com/article/133]
[web.archive.org/web/20190301110918im_/https_/tankisport.com/files/1/article_template22.png]
[web.archive.org/web/20190228222916/https_/tankisport.com/article/132.75.delayed]
[web.archive.org/web/20190301110925im_/https_/tankisport.com/photos/5c4840a1ec3e0.png]
[web.archive.org/web/20190228222916/https_/tankisport.com/article/131]
[web.archive.org/web/20190301110921im_/https_/tankisport.com/photos/5c4eedc0a0985.png]
[web.archive.org/web/20190228222916/https_/tankisport.com/article/117]
[web.archive.org/web/20190301110924im_/https_/tankisport.com/files/1/Penguins-4.png]
[web.archive.org/web/20190228222916/https_/tankisport.com/article/97]
[web.archive.org/web/20190301110925im_/https_/tankisport.com/photos/5c0071188743d.png]
[web.archive.org/web/20190228222916/https_/tankisport.com/article/93]
[web.archive.org/web/20190301110925im_/https_/tankisport.com/files/5bc9b3d1327e2.jpg]
[web.archive.org/web/20190301110925/https_/tankisport.com/files/5bc9b3d1327e2.jpg]
[web.archive.org/web/20190228222916/https_/tankisport.com/article/91]
[web.archive.org/web/20190301110929im_/https_/tankisport.com/photos/5bf5a0240cb0d.png]
[web.archive.org/web/20190228222916/https_/tankisport.com/article/87]
[web.archive.org/web/20190301110918im_/https_/tankisport.com/photos/5beeb31ba2127.png]
[web.archive.org/web/20190228222916/https_/tankisport.com/article/86]
[web.archive.org/web/20190301110925im_/https_/tankisport.com/files/25/eSports_en.png]
[web.archive.org/web/20190301110925/https_/tankisport.com/files/25/eSports_en.png]
[web.archive.org/web/20190228222916/https_/tankisport.com/article/82]
[web.archive.org/web/20190301110921im_/https_/tankisport.com/photos/5be1498258b1e.png]
[web.archive.org/web/20190228222916/https_/tankisport.com/article/76]
[web.archive.org/web/20190301110929im_/https_/tankisport.com/photos/5bdeecba7d8de.png]
[web.archive.org/web/20190228222916/https_/tankisport.com/article/79]
[web.archive.org/web/20190301110925im_/https_/tankisport.com/files/5bdac9747a606.jpg]
[web.archive.org/web/20190301110925/https_/tankisport.com/files/5bdac9747a606.jpg]
[web.archive.org/web/20190228222916/https_/tankisport.com/article/74]
[web.archive.org/web/20190301110925im_/https_/tankisport.com/photos/5bd6b55943748.png]
[web.archive.org/web/20190228222916/https_/tankisport.com/article/73]
[web.archive.org/web/20190301110928im_/https_/tankisport.com/photos/5bd43a547be05.png]
[web.archive.org/web/20190228222916/https_/tankisport.com/article/72]
[web.archive.org/web/20190301110924im_/https_/tankisport.com/photos/5bd159252b4da.png]
[web.archive.org/web/20190228222916/https_/tankisport.com/article/71]
[web.archive.org/web/20190301110928im_/https_/tankisport.com/photos/5bceccc3248fd.png]
[web.archive.org/web/20190228222916/https_/tankisport.com/article/69]
[web.archive.org/web/20190228222916/https_/tankisport.com/article/59]
[web.archive.org/web/20190301110927im_/https_/tankionline.com/ru/wp-content/uploads/2018/07/TANDEM_news_forum_vk_fb_canyon.jpg]
[web.archive.org/web/20190301110927/https_/tankionline.com/ru/wp-content/uploads/2018/07/TANDEM_news_forum_vk_fb_canyon.jpg]
[web.archive.org/web/20190228222916/https_/tankisport.com/article/44]
[web.archive.org/web/20190301110918im_/https_/tankisport.com/files/25/SOLO_HAMMER_news_forum_vk_fb_canyon.jpg]
[web.archive.org/web/20190301110918/https_/tankisport.com/files/25/SOLO_HAMMER_news_forum_vk_fb_canyon.jpg]
[web.archive.org/web/20190228222916/https_/tankisport.com/article/41]
[web.archive.org/web/20190301110922im_/https_/tankisport.com/files/25/SOLO_RICOCHET_news_forum_vk_fb_canyon.jpg]
[web.archive.org/web/20190301110922/https_/tankisport.com/files/25/SOLO_RICOCHET_news_forum_vk_fb_canyon.jpg]
[web.archive.org/web/20190228222916/https_/tankisport.com/article/38]
[web.archive.org/web/20190301110923im_/https_/tankisport.com/files/25/SOLO_THUNDER_news_forum_vk_fb_canyon.jpg]
[web.archive.org/web/20190301110923/https_/tankisport.com/files/25/SOLO_THUNDER_news_forum_vk_fb_canyon.jpg]
[web.archive.org/web/20190228222916/https_/tankisport.com/article/30]
[web.archive.org/web/20190301110919im_/https_/tankisport.com/files/25/dream_team_news_forum_vk_fb_canyon.jpg]
[web.archive.org/web/20190301110919/https_/tankisport.com/files/25/dream_team_news_forum_vk_fb_canyon.jpg]
[web.archive.org/web/20190228222916/https_/tankisport.com/article/27]
[web.archive.org/web/20190228222916/https_/tankisport.com/article/22]
[web.archive.org/web/20190301110918im_/https_/tankisport.com/files/1/article22.png]
[web.archive.org/web/20190228222916/https_/tankisport.com/article/20]
[web.archive.org/web/20190301110919im_/https_/tankisport.com/files/shares/article20.png]
[web.archive.org/web/20190228222916/https_/tankisport.com/article/12]
[web.archive.org/web/20190301110920im_/https_/img2.lght.pics/jTIH.png]
[web.archive.org/web/20190228222916/https_/tankisport.com/article/64.cc.delayed]
[web.archive.org/web/20190301110927im_/https_/ec.es4.tv/files/5bc5fa12954ee.png]
[web.archive.org/web/20190301110927/https_/ec.es4.tv/files/5bc5fa12954ee.png]
[web.archive.org/web/20190301110919js_/https_/tankisport.com/assets/v2/js/vendore4c5.js]
[web.archive.org/web/20190301110923js_/https_/tankisport.com/assets/v2/js/as/app.js]
[web.archive.org/web/20190301110918js_/https_/cdn.jsdelivr.net/npm/countup@1.8.2/dist/countUp.min.js]
[web.archive.org/web/20190228222916/https_/tankisport.com/index.html]
[web.archive.org/web/20190301110928js_/https_/cdnjs.cloudflare.com/ajax/libs/progressbar.js/1.0.1/progressbar.min.js]
[web-static.archive.org/_static/css/banner-styles52e6.css]
[web-static.archive.org/_static/css/iconochive8307.css]
[web.archive.org/web/20190301110925cs_/https_/tankisport.com/assets/v2/css/app779b.css]
[web.archive.org/web/20190301110918cs_/https_/tankisport.com/assets/v2/css/resetc826.css]
[web.archive.org/web/20190301110922cs_/https_/tankisport.com/assets/v2/css/vendorbc59.css]
[web.archive.org/web/20190228222916/https_/tankisport.com/faq.html]
[web.archive.org/web/20190228222916/https_/tankisport.com/article/181.html]
[web.archive.org/web/20190228222916/https_/tankisport.com/article/169.html]
[web.archive.org/web/20190228222916/https_/tankisport.com/article/172.html]
[web.archive.org/web/20190228222916/https_/tankisport.com/article/167.html]
[web.archive.org/web/20190228222916/https_/tankisport.com/article/163.html]
[web.archive.org/web/20190228222916/https_/tankisport.com/article/174.html]
[web.archive.org/web/20190228222916/https_/tankisport.com/article/90.html]
[web.archive.org/web/20190228222916/https_/tankisport.com/article/180.html]
[web.archive.org/web/20190228222916/https_/tankisport.com/article/179.html]
[web.archive.org/web/20190228222916/https_/tankisport.com/article/170.html]
[web.archive.org/web/20190228222916/https_/tankisport.com/article/164.html]
[web.archive.org/web/20190228222916/https_/tankisport.com/article/161.html]
[web.archive.org/web/20190228222916/https_/tankisport.com/article/157.html]
[web.archive.org/web/20190228222916/https_/tankisport.com/article/153.html]
[web.archive.org/web/20190228222916/https_/tankisport.com/article/151.html]
[web.archive.org/web/20190228222916/https_/tankisport.com/article/148.html]
[web.archive.org/web/20190228222916/https_/tankisport.com/article/147.html]
[web.archive.org/web/20190228222916/https_/tankisport.com/article/146.html]
[web.archive.org/web/20190228222916/https_/tankisport.com/article/145.html]
[web.archive.org/web/20190228222916/https_/tankisport.com/article/143.html]
[web.archive.org/web/20190228222916/https_/tankisport.com/article/136.html]
[web.archive.org/web/20190228222916/https_/tankisport.com/article/141.html]
[web.archive.org/web/20190228222916/https_/tankisport.com/article/139.html]
[web.archive.org/web/20190228222916/https_/tankisport.com/article/137.html]
[web.archive.org/web/20190228222916/https_/tankisport.com/article/135.html]
[web.archive.org/web/20190228222916/https_/tankisport.com/article/133.html]
[web.archive.org/web/20190228222916/https_/tankisport.com/article/132.html]
[web.archive.org/web/20190228222916/https_/tankisport.com/article/131.html]
[web.archive.org/web/20190228222916/https_/tankisport.com/article/117.html]
[web.archive.org/web/20190228222916/https_/tankisport.com/article/97.html]
[web.archive.org/web/20190228222916/https_/tankisport.com/article/93.html]
[web.archive.org/web/20190228222916/https_/tankisport.com/article/91.html]
[web.archive.org/web/20190228222916/https_/tankisport.com/article/87.html]
[web.archive.org/web/20190228222916/https_/tankisport.com/article/86.html]
[web.archive.org/web/20190228222916/https_/tankisport.com/article/82.html]
[web.archive.org/web/20190228222916/https_/tankisport.com/article/76.html]
[web.archive.org/web/20190228222916/https_/tankisport.com/article/79.html]
[web.archive.org/web/20190228222916/https_/tankisport.com/article/74.html]
[web.archive.org/web/20190228222916/https_/tankisport.com/article/73.html]
[web.archive.org/web/20190228222916/https_/tankisport.com/article/72.html]
[web.archive.org/web/20190228222916/https_/tankisport.com/article/71.html]
[web.archive.org/web/20190228222916/https_/tankisport.com/article/69.html]
[web.archive.org/web/20190228222916/https_/tankisport.com/article/59.html]
[web.archive.org/web/20190228222916/https_/tankisport.com/article/44.html]
[web.archive.org/web/20190228222916/https_/tankisport.com/article/41.html]
[web.archive.org/web/20190228222916/https_/tankisport.com/article/38.html]
[web.archive.org/web/20190228222916/https_/tankisport.com/article/30.html]
[web.archive.org/web/20190228222916/https_/tankisport.com/article/27.html]
[web.archive.org/web/20190228222916/https_/tankisport.com/article/22.html]
[web.archive.org/web/20190228222916/https_/tankisport.com/article/20.html]
[web.archive.org/web/20190228222916/https_/tankisport.com/article/12.html]
[web.archive.org/web/20190228222916/https_/tankisport.com/article/64.html]
[web-static.archive.org/_static/css/record.css]
[web-static.archive.org/_static/css/record.css]
